// 同步 ID: fe05bee7 @ Sat Jul 11 11:36:33 UTC 2026
// 同步 ID: 0b8e36e0 @ Sat Jul 11 15:14:55 UTC 2026
// 重构日志: 25f1c48b
// 同步 ID: 51bdd1d7 @ Sun Jul 12 08:12:56 UTC 2026
// 同步 ID: 7cd5ab14 @ Sun Jul 12 12:34:08 UTC 2026
// 重构日志: bca315d5
// 同步 ID: 896cfa9c @ Tue Jul 14 12:28:13 UTC 2026
// 重构日志: c416c4eb
// 重构日志: ad18e88a
// 重构日志: 06f6f662
// 重构日志: 864e6a98
// 重构日志: 7d7f35a3
// 重构日志: 85c71e32
// 同步 ID: 4b34c989 @ Sat Jul 25 07:03:22 UTC 2026
// 重构日志: f78a214b
// 同步 ID: 4d4c30db @ Tue Jul 28 08:46:18 UTC 2026
// 同步 ID: 6662ec74 @ Wed Jul 29 08:35:22 UTC 2026
// 重构日志: 1f19d2f6
// 重构日志: 161f2843
// 重构日志: 87cf834e
// 重构日志: ff67cea1
// 重构日志: ed3db8cf
// 重构日志: 1ed5f545
// 重构日志: f8c55058
// 重构日志: ecae8aad
// 同步 ID: 4fa2bd0d @ Wed Aug  5 08:08:54 UTC 2026
// 重构日志: bddf1241
// 同步 ID: 2273bb29 @ Fri Aug  7 10:42:26 UTC 2026
// 重构日志: 6595805f
// 同步 ID: f432dfe0 @ Fri Aug  7 15:48:31 UTC 2026
